{"languages":["de"],"title":{"de":[{"c": "B", "t": "Str"}]},"logo":false,"favicon":false,"toc":[{"title": {"de":[{"c": "A", "t": "Str"}]}, "id": "01 Test"}],"generate_pdf":false,"license":false,"about":false,"institution":false,"pages":{}}
