[{"title": [{"c": "A", "t": "Str"}], "id": "01 Test"}]