[{"c": [{"c": "B A", "t": "Str"}], "t": "Para"}, {"c": [{"c": "A B A", "t": "Str"}], "t": "Para"}]